Analysis & Synthesis report for 16_bit_CLA
Fri Apr 26 16:02:58 2019
Quartus II Version 8.0 Build 215 05/29/2008 SJ Full Version


---------------------
; Table of Contents ;
---------------------
  1. Legal Notice
  2. Analysis & Synthesis Summary
  3. Analysis & Synthesis Settings
  4. Analysis & Synthesis Source Files Read
  5. Analysis & Synthesis Resource Usage Summary
  6. Analysis & Synthesis Resource Utilization by Entity
  7. General Register Statistics
  8. Analysis & Synthesis Messages



----------------
; Legal Notice ;
----------------
Copyright (C) 1991-2008 Altera Corporation
Your use of Altera Corporation's design tools, logic functions 
and other software and tools, and its AMPP partner logic 
functions, and any output files from any of the foregoing 
(including device programming or simulation files), and any 
associated documentation or information are expressly subject 
to the terms and conditions of the Altera Program License 
Subscription Agreement, Altera MegaCore Function License 
Agreement, or other applicable license agreement, including, 
without limitation, that your use is for the sole purpose of 
programming logic devices manufactured by Altera and sold by 
Altera or its authorized distributors.  Please refer to the 
applicable agreement for further details.



+------------------------------------------------------------------------+
; Analysis & Synthesis Summary                                           ;
+-----------------------------+------------------------------------------+
; Analysis & Synthesis Status ; Successful - Fri Apr 26 16:02:57 2019    ;
; Quartus II Version          ; 8.0 Build 215 05/29/2008 SJ Full Version ;
; Revision Name               ; 16_bit_CLA                               ;
; Top-level Entity Name       ; 16_bit_CLA                               ;
; Family                      ; Cyclone                                  ;
; Total logic elements        ; 63                                       ;
; Total pins                  ; 50                                       ;
; Total virtual pins          ; 0                                        ;
; Total memory bits           ; 0                                        ;
; DSP block 9-bit elements    ; N/A until Partition Merge                ;
; Total PLLs                  ; 0                                        ;
; Total DLLs                  ; N/A until Partition Merge                ;
+-----------------------------+------------------------------------------+


+--------------------------------------------------------------------------------------------------------+
; Analysis & Synthesis Settings                                                                          ;
+--------------------------------------------------------------+--------------------+--------------------+
; Option                                                       ; Setting            ; Default Value      ;
+--------------------------------------------------------------+--------------------+--------------------+
; Device                                                       ; EP1C20F400C7       ;                    ;
; Top-level entity name                                        ; 16_bit_CLA         ; 16_bit_CLA         ;
; Family name                                                  ; Cyclone            ; Stratix II         ;
; Use Generated Physical Constraints File                      ; Off                ;                    ;
; Use smart compilation                                        ; Off                ; Off                ;
; Maximum processors allowed for parallel compilation          ; 1                  ; 1                  ;
; Restructure Multiplexers                                     ; Auto               ; Auto               ;
; Create Debugging Nodes for IP Cores                          ; Off                ; Off                ;
; Preserve fewer node names                                    ; On                 ; On                 ;
; Disable OpenCore Plus hardware evaluation                    ; Off                ; Off                ;
; Verilog Version                                              ; Verilog_2001       ; Verilog_2001       ;
; VHDL Version                                                 ; VHDL93             ; VHDL93             ;
; State Machine Processing                                     ; Auto               ; Auto               ;
; Safe State Machine                                           ; Off                ; Off                ;
; Extract Verilog State Machines                               ; On                 ; On                 ;
; Extract VHDL State Machines                                  ; On                 ; On                 ;
; Ignore Verilog initial constructs                            ; Off                ; Off                ;
; Iteration limit for constant Verilog loops                   ; 5000               ; 5000               ;
; Iteration limit for non-constant Verilog loops               ; 250                ; 250                ;
; Add Pass-Through Logic to Inferred RAMs                      ; On                 ; On                 ;
; Parallel Synthesis                                           ; Off                ; Off                ;
; NOT Gate Push-Back                                           ; On                 ; On                 ;
; Power-Up Don't Care                                          ; On                 ; On                 ;
; Remove Redundant Logic Cells                                 ; Off                ; Off                ;
; Remove Duplicate Registers                                   ; On                 ; On                 ;
; Ignore CARRY Buffers                                         ; Off                ; Off                ;
; Ignore CASCADE Buffers                                       ; Off                ; Off                ;
; Ignore GLOBAL Buffers                                        ; Off                ; Off                ;
; Ignore ROW GLOBAL Buffers                                    ; Off                ; Off                ;
; Ignore LCELL Buffers                                         ; Off                ; Off                ;
; Ignore SOFT Buffers                                          ; On                 ; On                 ;
; Limit AHDL Integers to 32 Bits                               ; Off                ; Off                ;
; Optimization Technique                                       ; Balanced           ; Balanced           ;
; Carry Chain Length                                           ; 70                 ; 70                 ;
; Auto Carry Chains                                            ; On                 ; On                 ;
; Auto Open-Drain Pins                                         ; On                 ; On                 ;
; Perform WYSIWYG Primitive Resynthesis                        ; Off                ; Off                ;
; Perform gate-level register retiming                         ; Off                ; Off                ;
; Allow register retiming to trade off Tsu/Tco with Fmax       ; On                 ; On                 ;
; Auto ROM Replacement                                         ; On                 ; On                 ;
; Auto RAM Replacement                                         ; On                 ; On                 ;
; Auto Shift Register Replacement                              ; Auto               ; Auto               ;
; Auto Clock Enable Replacement                                ; On                 ; On                 ;
; Strict RAM Replacement                                       ; Off                ; Off                ;
; Allow Synchronous Control Signals                            ; On                 ; On                 ;
; Force Use of Synchronous Clear Signals                       ; Off                ; Off                ;
; Auto RAM Block Balancing                                     ; On                 ; On                 ;
; Auto RAM to Logic Cell Conversion                            ; Off                ; Off                ;
; Auto Resource Sharing                                        ; Off                ; Off                ;
; Allow Any RAM Size For Recognition                           ; Off                ; Off                ;
; Allow Any ROM Size For Recognition                           ; Off                ; Off                ;
; Allow Any Shift Register Size For Recognition                ; Off                ; Off                ;
; Ignore translate_off and synthesis_off directives            ; Off                ; Off                ;
; Show Parameter Settings Tables in Synthesis Report           ; On                 ; On                 ;
; Ignore Maximum Fan-Out Assignments                           ; Off                ; Off                ;
; Synchronization Register Chain Length                        ; 2                  ; 2                  ;
; PowerPlay Power Optimization                                 ; Normal compilation ; Normal compilation ;
; HDL message level                                            ; Level2             ; Level2             ;
; Suppress Register Optimization Related Messages              ; Off                ; Off                ;
; Number of Removed Registers Reported in Synthesis Report     ; 100                ; 100                ;
; Number of Inverted Registers Reported in Synthesis Report    ; 100                ; 100                ;
; Clock MUX Protection                                         ; On                 ; On                 ;
; Block Design Naming                                          ; Auto               ; Auto               ;
; Synthesis Effort                                             ; Auto               ; Auto               ;
; Shift Register Replacement - Allow Asynchronous Clear Signal ; On                 ; On                 ;
+--------------------------------------------------------------+--------------------+--------------------+


+-------------------------------------------------------------------------------------------------------------------------------------------------------------------+
; Analysis & Synthesis Source Files Read                                                                                                                            ;
+----------------------------------+-----------------+------------------------------------+-------------------------------------------------------------------------+
; File Name with User-Entered Path ; Used in Netlist ; File Type                          ; File Name with Absolute Path                                            ;
+----------------------------------+-----------------+------------------------------------+-------------------------------------------------------------------------+
; inputs_block.vhd                 ; yes             ; User VHDL File                     ; J:/L3 Electronics/VHDL/Submission Docs/CLA/inputs_block.vhd             ;
; 16_bit_CLA.bdf                   ; yes             ; User Block Diagram/Schematic File  ; J:/L3 Electronics/VHDL/Submission Docs/CLA/16_bit_CLA.bdf               ;
; lookahead_circuitry_4bit.vhd     ; yes             ; User VHDL File                     ; J:/L3 Electronics/VHDL/Submission Docs/CLA/lookahead_circuitry_4bit.vhd ;
; 4_bit_CLA.bdf                    ; yes             ; User Block Diagram/Schematic File  ; J:/L3 Electronics/VHDL/Submission Docs/CLA/4_bit_CLA.bdf                ;
+----------------------------------+-----------------+------------------------------------+-------------------------------------------------------------------------+


+-----------------------------------------------------+
; Analysis & Synthesis Resource Usage Summary         ;
+---------------------------------------------+-------+
; Resource                                    ; Usage ;
+---------------------------------------------+-------+
; Total logic elements                        ; 63    ;
;     -- Combinational with no register       ; 63    ;
;     -- Register only                        ; 0     ;
;     -- Combinational with a register        ; 0     ;
;                                             ;       ;
; Logic element usage by number of LUT inputs ;       ;
;     -- 4 input functions                    ; 38    ;
;     -- 3 input functions                    ; 20    ;
;     -- 2 input functions                    ; 5     ;
;     -- 1 input functions                    ; 0     ;
;     -- 0 input functions                    ; 0     ;
;                                             ;       ;
; Logic elements by mode                      ;       ;
;     -- normal mode                          ; 63    ;
;     -- arithmetic mode                      ; 0     ;
;     -- qfbk mode                            ; 0     ;
;     -- register cascade mode                ; 0     ;
;     -- synchronous clear/load mode          ; 0     ;
;     -- asynchronous clear/load mode         ; 0     ;
;                                             ;       ;
; Total registers                             ; 0     ;
; I/O pins                                    ; 50    ;
; Maximum fan-out node                        ; A[9]  ;
; Maximum fan-out                             ; 6     ;
; Total fan-out                               ; 239   ;
; Average fan-out                             ; 2.12  ;
+---------------------------------------------+-------+


+---------------------------------------------------------------------------------------------------------------------------------------------------------------------------------------------------------------------------------------------------------------------------+
; Analysis & Synthesis Resource Utilization by Entity                                                                                                                                                                                                                       ;
+----------------------------------------+-------------+--------------+-------------+------+--------------+--------------+-------------------+------------------+-----------------+------------+-------------------------------------------------------------+--------------+
; Compilation Hierarchy Node             ; Logic Cells ; LC Registers ; Memory Bits ; Pins ; Virtual Pins ; LUT-Only LCs ; Register-Only LCs ; LUT/Register LCs ; Carry Chain LCs ; Packed LCs ; Full Hierarchy Name                                         ; Library Name ;
+----------------------------------------+-------------+--------------+-------------+------+--------------+--------------+-------------------+------------------+-----------------+------------+-------------------------------------------------------------+--------------+
; |16_bit_CLA                            ; 63 (0)      ; 0            ; 0           ; 50   ; 0            ; 63 (0)       ; 0 (0)             ; 0 (0)            ; 0 (0)           ; 0 (0)      ; |16_bit_CLA                                                 ; work         ;
;    |4_bit_CLA:inst13|                  ; 16 (0)      ; 0            ; 0           ; 0    ; 0            ; 16 (0)       ; 0 (0)             ; 0 (0)            ; 0 (0)           ; 0 (0)      ; |16_bit_CLA|4_bit_CLA:inst13                                ; work         ;
;       |inputs_block:inst1|             ; 1 (1)       ; 0            ; 0           ; 0    ; 0            ; 1 (1)        ; 0 (0)             ; 0 (0)            ; 0 (0)           ; 0 (0)      ; |16_bit_CLA|4_bit_CLA:inst13|inputs_block:inst1             ; work         ;
;       |inputs_block:inst2|             ; 1 (1)       ; 0            ; 0           ; 0    ; 0            ; 1 (1)        ; 0 (0)             ; 0 (0)            ; 0 (0)           ; 0 (0)      ; |16_bit_CLA|4_bit_CLA:inst13|inputs_block:inst2             ; work         ;
;       |inputs_block:inst3|             ; 1 (1)       ; 0            ; 0           ; 0    ; 0            ; 1 (1)        ; 0 (0)             ; 0 (0)            ; 0 (0)           ; 0 (0)      ; |16_bit_CLA|4_bit_CLA:inst13|inputs_block:inst3             ; work         ;
;       |inputs_block:inst4|             ; 4 (4)       ; 0            ; 0           ; 0    ; 0            ; 4 (4)        ; 0 (0)             ; 0 (0)            ; 0 (0)           ; 0 (0)      ; |16_bit_CLA|4_bit_CLA:inst13|inputs_block:inst4             ; work         ;
;       |lookahead_circuitry_4bit:inst7| ; 9 (9)       ; 0            ; 0           ; 0    ; 0            ; 9 (9)        ; 0 (0)             ; 0 (0)            ; 0 (0)           ; 0 (0)      ; |16_bit_CLA|4_bit_CLA:inst13|lookahead_circuitry_4bit:inst7 ; work         ;
;    |4_bit_CLA:inst14|                  ; 17 (0)      ; 0            ; 0           ; 0    ; 0            ; 17 (0)       ; 0 (0)             ; 0 (0)            ; 0 (0)           ; 0 (0)      ; |16_bit_CLA|4_bit_CLA:inst14                                ; work         ;
;       |inputs_block:inst1|             ; 2 (2)       ; 0            ; 0           ; 0    ; 0            ; 2 (2)        ; 0 (0)             ; 0 (0)            ; 0 (0)           ; 0 (0)      ; |16_bit_CLA|4_bit_CLA:inst14|inputs_block:inst1             ; work         ;
;       |inputs_block:inst2|             ; 1 (1)       ; 0            ; 0           ; 0    ; 0            ; 1 (1)        ; 0 (0)             ; 0 (0)            ; 0 (0)           ; 0 (0)      ; |16_bit_CLA|4_bit_CLA:inst14|inputs_block:inst2             ; work         ;
;       |inputs_block:inst3|             ; 1 (1)       ; 0            ; 0           ; 0    ; 0            ; 1 (1)        ; 0 (0)             ; 0 (0)            ; 0 (0)           ; 0 (0)      ; |16_bit_CLA|4_bit_CLA:inst14|inputs_block:inst3             ; work         ;
;       |inputs_block:inst4|             ; 4 (4)       ; 0            ; 0           ; 0    ; 0            ; 4 (4)        ; 0 (0)             ; 0 (0)            ; 0 (0)           ; 0 (0)      ; |16_bit_CLA|4_bit_CLA:inst14|inputs_block:inst4             ; work         ;
;       |lookahead_circuitry_4bit:inst7| ; 9 (9)       ; 0            ; 0           ; 0    ; 0            ; 9 (9)        ; 0 (0)             ; 0 (0)            ; 0 (0)           ; 0 (0)      ; |16_bit_CLA|4_bit_CLA:inst14|lookahead_circuitry_4bit:inst7 ; work         ;
;    |4_bit_CLA:inst15|                  ; 14 (0)      ; 0            ; 0           ; 0    ; 0            ; 14 (0)       ; 0 (0)             ; 0 (0)            ; 0 (0)           ; 0 (0)      ; |16_bit_CLA|4_bit_CLA:inst15                                ; work         ;
;       |inputs_block:inst1|             ; 1 (1)       ; 0            ; 0           ; 0    ; 0            ; 1 (1)        ; 0 (0)             ; 0 (0)            ; 0 (0)           ; 0 (0)      ; |16_bit_CLA|4_bit_CLA:inst15|inputs_block:inst1             ; work         ;
;       |inputs_block:inst2|             ; 1 (1)       ; 0            ; 0           ; 0    ; 0            ; 1 (1)        ; 0 (0)             ; 0 (0)            ; 0 (0)           ; 0 (0)      ; |16_bit_CLA|4_bit_CLA:inst15|inputs_block:inst2             ; work         ;
;       |inputs_block:inst3|             ; 1 (1)       ; 0            ; 0           ; 0    ; 0            ; 1 (1)        ; 0 (0)             ; 0 (0)            ; 0 (0)           ; 0 (0)      ; |16_bit_CLA|4_bit_CLA:inst15|inputs_block:inst3             ; work         ;
;       |inputs_block:inst4|             ; 4 (4)       ; 0            ; 0           ; 0    ; 0            ; 4 (4)        ; 0 (0)             ; 0 (0)            ; 0 (0)           ; 0 (0)      ; |16_bit_CLA|4_bit_CLA:inst15|inputs_block:inst4             ; work         ;
;       |lookahead_circuitry_4bit:inst7| ; 7 (7)       ; 0            ; 0           ; 0    ; 0            ; 7 (7)        ; 0 (0)             ; 0 (0)            ; 0 (0)           ; 0 (0)      ; |16_bit_CLA|4_bit_CLA:inst15|lookahead_circuitry_4bit:inst7 ; work         ;
;    |4_bit_CLA:inst|                    ; 16 (0)      ; 0            ; 0           ; 0    ; 0            ; 16 (0)       ; 0 (0)             ; 0 (0)            ; 0 (0)           ; 0 (0)      ; |16_bit_CLA|4_bit_CLA:inst                                  ; work         ;
;       |inputs_block:inst1|             ; 1 (1)       ; 0            ; 0           ; 0    ; 0            ; 1 (1)        ; 0 (0)             ; 0 (0)            ; 0 (0)           ; 0 (0)      ; |16_bit_CLA|4_bit_CLA:inst|inputs_block:inst1               ; work         ;
;       |inputs_block:inst2|             ; 2 (2)       ; 0            ; 0           ; 0    ; 0            ; 2 (2)        ; 0 (0)             ; 0 (0)            ; 0 (0)           ; 0 (0)      ; |16_bit_CLA|4_bit_CLA:inst|inputs_block:inst2               ; work         ;
;       |inputs_block:inst3|             ; 2 (2)       ; 0            ; 0           ; 0    ; 0            ; 2 (2)        ; 0 (0)             ; 0 (0)            ; 0 (0)           ; 0 (0)      ; |16_bit_CLA|4_bit_CLA:inst|inputs_block:inst3               ; work         ;
;       |inputs_block:inst4|             ; 1 (1)       ; 0            ; 0           ; 0    ; 0            ; 1 (1)        ; 0 (0)             ; 0 (0)            ; 0 (0)           ; 0 (0)      ; |16_bit_CLA|4_bit_CLA:inst|inputs_block:inst4               ; work         ;
;       |lookahead_circuitry_4bit:inst7| ; 10 (10)     ; 0            ; 0           ; 0    ; 0            ; 10 (10)      ; 0 (0)             ; 0 (0)            ; 0 (0)           ; 0 (0)      ; |16_bit_CLA|4_bit_CLA:inst|lookahead_circuitry_4bit:inst7   ; work         ;
+----------------------------------------+-------------+--------------+-------------+------+--------------+--------------+-------------------+------------------+-----------------+------------+-------------------------------------------------------------+--------------+
Note: For table entries with two numbers listed, the numbers in parentheses indicate the number of resources of the given type used by the specific entity alone. The numbers listed outside of parentheses indicate the total resources of the given type used by the specific entity and all of its sub-entities in the hierarchy.


+------------------------------------------------------+
; General Register Statistics                          ;
+----------------------------------------------+-------+
; Statistic                                    ; Value ;
+----------------------------------------------+-------+
; Total registers                              ; 0     ;
; Number of registers using Synchronous Clear  ; 0     ;
; Number of registers using Synchronous Load   ; 0     ;
; Number of registers using Asynchronous Clear ; 0     ;
; Number of registers using Asynchronous Load  ; 0     ;
; Number of registers using Clock Enable       ; 0     ;
; Number of registers using Preset             ; 0     ;
+----------------------------------------------+-------+


+-------------------------------+
; Analysis & Synthesis Messages ;
+-------------------------------+
Info: *******************************************************************
Info: Running Quartus II Analysis & Synthesis
    Info: Version 8.0 Build 215 05/29/2008 SJ Full Version
    Info: Processing started: Fri Apr 26 16:02:52 2019
Info: Command: quartus_map --read_settings_files=on --write_settings_files=off 16_bit_CLA -c 16_bit_CLA
Info: Found 2 design units, including 1 entities, in source file inputs_block.vhd
    Info: Found design unit 1: inputs_block-inputs_block_architecture
    Info: Found entity 1: inputs_block
Info: Found 1 design units, including 1 entities, in source file 16_bit_CLA.bdf
    Info: Found entity 1: 16_bit_CLA
Info: Found 2 design units, including 1 entities, in source file lookahead_circuitry_4bit.vhd
    Info: Found design unit 1: lookahead_circuitry_4bit-lookahead_circuitry_4bit_architecture
    Info: Found entity 1: lookahead_circuitry_4bit
Info: Found 1 design units, including 1 entities, in source file 4_bit_CLA.bdf
    Info: Found entity 1: 4_bit_CLA
Info: Elaborating entity "16_bit_CLA" for the top level hierarchy
Info: Elaborating entity "4_bit_CLA" for hierarchy "4_bit_CLA:inst"
Info: Elaborating entity "inputs_block" for hierarchy "4_bit_CLA:inst|inputs_block:inst1"
Info: Elaborating entity "lookahead_circuitry_4bit" for hierarchy "4_bit_CLA:inst|lookahead_circuitry_4bit:inst7"
Info: Implemented 113 device resources after synthesis - the final resource count might be different
    Info: Implemented 33 input pins
    Info: Implemented 17 output pins
    Info: Implemented 63 logic cells
Info: Quartus II Analysis & Synthesis was successful. 0 errors, 0 warnings
    Info: Peak virtual memory: 269 megabytes
    Info: Processing ended: Fri Apr 26 16:02:58 2019
    Info: Elapsed time: 00:00:06
    Info: Total CPU time (on all processors): 00:00:02


